<html><body><div id="navigation">
        This is navigation
        <ul>
            <!--[if BLOCK]><![endif]-->                In step
                <li class="" wire:click="showStep('first-step')">First step</li>
                            In step
                <li class="text-bold">Second step</li>
                            In step
                <li class="">Third step</li>
            <!--[if ENDBLOCK]><![endif]-->
        </ul>
    </div></body></html>
